// Jest Snapshot v1, https://goo.gl/fbAQLP

exports[`Loading Renders consistently 1`] = `
<div
  className="loading"
>
  <div
    className="loader"
  />
</div>
`;
