// Jest Snapshot v1, https://goo.gl/fbAQLP

exports[`NotFound Renders consistently 1`] = `
<div
  className="notFound"
>
  <h1>
    The page you were looking for could not be found!
  </h1>
</div>
`;
