// Jest Snapshot v1, https://goo.gl/fbAQLP

exports[`Home Renders consistently 1`] = `
<div>
  Homepage!
</div>
`;
