// Jest Snapshot v1, https://goo.gl/fbAQLP

exports[`HomeContainer Provides Home with correct props 1`] = `<Home />`;
